// Jest Snapshot v1, https://goo.gl/fbAQLP

exports[`<BrowseSearch /> feature tests creates a snapshot 1`] = `
<div
  aria-label="browse-search"
  role="presentation"
>
  <div
    aria-label="browse"
    role="presentation"
  >
    <label
      htmlFor="product-categories"
    >
      Product Categories: 
    </label>
    <select
      aria-label="product-categories"
      defaultValue="0"
      id="product-categories"
      name="productCategories"
      onChange={[Function]}
      role="presentation"
    >
      <option
        value="0"
      >
        Show all products
      </option>
    </select>
  </div>
  <div
    aria-label="search"
    role="presentation"
  >
    <form
      method="post"
      onSubmit={[Function]}
    >
      <div>
        <label
          htmlFor="searchTerms"
        >
          Search: 
        </label>
        <input
          aria-label="search-terms"
          id="searchTerms"
          placeholder="Enter search terms"
        />
      </div>
      <div>
        <button
          aria-label="search-button"
          type="submit"
        >
          Search
        </button>
      </div>
    </form>
  </div>
</div>
`;
