// Jest Snapshot v1, https://goo.gl/fbAQLP

exports[`<BrowseSearch /> feature tests creates a snapshot 1`] = `
<div
  aria-label="browse-search"
  role="presentation"
>
  <label
    htmlFor="product-categories"
  >
    Product Categories: 
  </label>
  <select
    aria-label="product-categories"
    id="product-categories"
    onChange={[Function]}
    role="presentation"
  >
    <option
      selected={true}
      value="0"
    >
      Please select a product category
    </option>
  </select>
  <label
    htmlFor="search"
  >
    Search: 
  </label>
  <input
    aria-label="search-terms"
    id="search"
    placeholder="Enter search terms"
  />
  <button
    aria-label="search-button"
    onClick={[Function]}
  >
    Search
  </button>
</div>
`;
