// Jest Snapshot v1, https://goo.gl/fbAQLP

exports[`<Dashboard /> feature tests creates a snapshot 1`] = `
<div>
  <div
    aria-label="nav-bar"
    role="presentation"
  >
    <div
      aria-label="header-message"
      role="presentation"
    >
      dashboard
       
      Hello (username goes here)
    </div>
    <button
      aria-label="logout"
      onClick={[Function]}
    >
      Log Out
    </button>
  </div>
  <div
    aria-label="browse-search"
    role="presentation"
  >
    <select
      aria-label="product-categories"
      role="presentation"
    >
      <option
        value={4}
      >
        Auto
      </option>
      <option
        value={3}
      >
        Health
      </option>
      <option
        value={1}
      >
        Pets
      </option>
      <option
        value={2}
      >
        Tech
      </option>
    </select>
    <input
      aria-label="search-terms"
      placeholder="Enter search terms"
    />
    <button
      aria-label="search-button"
    >
      Search
    </button>
  </div>
  <div
    aria-label="orders"
    role="presentation"
  >
    <h2>
      OrdersDisplay
    </h2>
  </div>
  <div
    aria-label="carts"
    role="presentation"
  >
    <h2>
      Carts
    </h2>
    <div
      aria-label="cart"
      role="presentation"
    >
      cart_id: 
      1
       user_id: 
      1
    </div>
  </div>
</div>
`;
