// Jest Snapshot v1, https://goo.gl/fbAQLP

exports[`<Dashboard /> feature tests creates a snapshot 1`] = `
<div>
  <div
    aria-label="nav-bar"
    role="presentation"
  >
    <div
      aria-label="header-message"
      role="presentation"
    >
      dashboard
       
      Hello undefined
    </div>
    <button
      aria-label="logout"
      onClick={[Function]}
    >
      Log Out
    </button>
  </div>
  <div
    aria-label="browse-search"
    role="presentation"
  >
    <label
      htmlFor="product-categories"
    >
      Product Categories: 
    </label>
    <select
      aria-label="product-categories"
      defaultValue="0"
      id="product-categories"
      onChange={[Function]}
      role="presentation"
    >
      <option
        value="0"
      >
        Please select a product category
      </option>
    </select>
    <label
      htmlFor="search"
    >
      Search: 
    </label>
    <input
      aria-label="search-terms"
      id="search"
      placeholder="Enter search terms"
    />
    <button
      aria-label="search-button"
      onClick={[Function]}
    >
      Search
    </button>
  </div>
  <div>
    <h3>
      ProductDetailDisplay
    </h3>
    <img
      aria-label="product-image"
    />
    <label
      htmlFor="name"
    >
      Name:
    </label>
    <div
      aria-label="name"
      id="name"
      role="presentation"
    />
    <label
      htmlFor="description"
    >
      Description:
    </label>
    <div
      aria-label="description"
      id="description"
      role="presentation"
    />
    <label
      htmlFor="price"
    >
      Price:
    </label>
    <div
      aria-label="price"
      id="price"
      role="presentation"
    />
    <label
      htmlFor="quantity"
    >
      Quantity:
    </label>
    <input
      aria-label="quantity"
      id="quantity"
      placeholder="Enter product quantity"
    />
    <button
      aria-label="add-to-cart"
      onClick={[Function]}
    >
      Add To Cart
    </button>
  </div>
  <div
    aria-label="orders"
    role="presentation"
  >
    <h2>
      OrdersDisplay
    </h2>
  </div>
  <div
    aria-label="carts"
    role="presentation"
  >
    <h2>
      CartsDisplay
    </h2>
  </div>
  <div>
    <div
      aria-label="products"
      role="presentation"
    >
      <h2>
        ProductsListingDisplay
      </h2>
    </div>
  </div>
</div>
`;
