// Jest Snapshot v1, https://goo.gl/fbAQLP

exports[`<NavBar /> feature tests renders a snapshot 1`] = `
<div
  aria-label="nav-bar"
  role="presentation"
>
  <div
    aria-label="header-message"
    role="presentation"
  >
     
    
  </div>
  <div
    aria-label="header-current-cart-item-count"
    role="presentation"
  >
    <div>
      You have 
      0
       items in your current cart
    </div>
  </div>
  <button
    aria-label="home"
    onClick={[Function]}
  >
    Home
  </button>
  <button
    aria-label="show-cart"
    onClick={[Function]}
  >
    Show Cart
  </button>
  <button
    aria-label="logout"
    onClick={[Function]}
  >
    Log Out
  </button>
</div>
`;
