// Jest Snapshot v1, https://goo.gl/fbAQLP

exports[`<ProductListing /> feature tests creates a snapshot 1`] = `
<div>
  <div
    aria-label="nav-bar"
    role="presentation"
  >
    <div
      aria-label="header-message"
      role="presentation"
    >
      productListing
       
    </div>
    <button
      aria-label="home"
    >
      Home
    </button>
    <button
      aria-label="show-cart"
    >
      Show Cart
    </button>
    <button
      aria-label="logout"
    >
      Log Out
    </button>
  </div>
  <div
    aria-label="browse-search"
    role="presentation"
  >
    <select
      aria-label="product-categories"
      role="presentation"
    >
      <option
        value={4}
      >
        Auto
      </option>
      <option
        value={3}
      >
        Health
      </option>
      <option
        value={1}
      >
        Pets
      </option>
      <option
        value={2}
      >
        Tech
      </option>
    </select>
    <input
      aria-label="search-terms"
      placeholder="Enter search terms"
    />
    <button
      aria-label="search-button"
    >
      Search
    </button>
  </div>
  <div
    aria-label="products"
    role="presentation"
  >
    <div
      aria-label="product"
      role="presentation"
    >
      <label
        htmlFor="product-name"
      >
        Product Name:
      </label>
      <div
        aria-label="product-name"
        role="presentation"
      >
        product_name_01
      </div>
      <label
        htmlFor="product-description"
      >
        Product Description:
      </label>
      <div
        aria-label="product-description"
        role="presentation"
      >
        product_desc_01
      </div>
      <label
        htmlFor="product-image-url"
      >
        Image:
      </label>
      <div
        aria-label="product-image-url"
        id="product-image-url"
        role="img"
      >
        <img
          alt="product_name_01"
          src="item.image_url"
        />
      </div>
      <label
        htmlFor="product-price"
      >
        Product Price:
      </label>
      <div
        aria-label="product-price"
        role="presentation"
      >
        1.00
      </div>
    </div>
    <div
      aria-label="product"
      role="presentation"
    >
      <label
        htmlFor="product-name"
      >
        Product Name:
      </label>
      <div
        aria-label="product-name"
        role="presentation"
      >
        product_name_02
      </div>
      <label
        htmlFor="product-description"
      >
        Product Description:
      </label>
      <div
        aria-label="product-description"
        role="presentation"
      >
        product_desc_02
      </div>
      <label
        htmlFor="product-image-url"
      >
        Image:
      </label>
      <div
        aria-label="product-image-url"
        id="product-image-url"
        role="img"
      >
        <img
          alt="product_name_02"
          src="item.image_url"
        />
      </div>
      <label
        htmlFor="product-price"
      >
        Product Price:
      </label>
      <div
        aria-label="product-price"
        role="presentation"
      >
        2.00
      </div>
    </div>
    <div
      aria-label="product"
      role="presentation"
    >
      <label
        htmlFor="product-name"
      >
        Product Name:
      </label>
      <div
        aria-label="product-name"
        role="presentation"
      >
        product_name_03
      </div>
      <label
        htmlFor="product-description"
      >
        Product Description:
      </label>
      <div
        aria-label="product-description"
        role="presentation"
      >
        product_desc_03
      </div>
      <label
        htmlFor="product-image-url"
      >
        Image:
      </label>
      <div
        aria-label="product-image-url"
        id="product-image-url"
        role="img"
      >
        <img
          alt="product_name_03"
          src="item.image_url"
        />
      </div>
      <label
        htmlFor="product-price"
      >
        Product Price:
      </label>
      <div
        aria-label="product-price"
        role="presentation"
      >
        3.00
      </div>
    </div>
    <div
      aria-label="product"
      role="presentation"
    >
      <label
        htmlFor="product-name"
      >
        Product Name:
      </label>
      <div
        aria-label="product-name"
        role="presentation"
      >
        product_name_04
      </div>
      <label
        htmlFor="product-description"
      >
        Product Description:
      </label>
      <div
        aria-label="product-description"
        role="presentation"
      >
        product_desc_04
      </div>
      <label
        htmlFor="product-image-url"
      >
        Image:
      </label>
      <div
        aria-label="product-image-url"
        id="product-image-url"
        role="img"
      >
        <img
          alt="product_name_04"
          src="item.image_url"
        />
      </div>
      <label
        htmlFor="product-price"
      >
        Product Price:
      </label>
      <div
        aria-label="product-price"
        role="presentation"
      >
        4.00
      </div>
    </div>
  </div>
</div>
`;
