// Jest Snapshot v1, https://goo.gl/fbAQLP

exports[`<BrowseSearchDisplay /> component tests creates a snapshot 1`] = `
<div
  aria-label="browse-search"
  role="presentation"
>
  <label
    htmlFor="product-categories"
  >
    Product Categories: 
  </label>
  <select
    aria-label="product-categories"
    id="product-categories"
    role="presentation"
  >
    <option
      value={0}
    >
      Please select a product category
    </option>
    <option
      value={4}
    >
      Auto
    </option>
    <option
      value={3}
    >
      Health
    </option>
    <option
      value={1}
    >
      Pets
    </option>
    <option
      value={2}
    >
      Tech
    </option>
  </select>
  <label
    htmlFor="search"
  >
    Search: 
  </label>
  <input
    aria-label="search-terms"
    id="search"
    placeholder="Enter search terms"
  />
  <button
    aria-label="search-button"
  >
    Search
  </button>
</div>
`;
