// Jest Snapshot v1, https://goo.gl/fbAQLP

exports[`<CartDetailDisplay /> component tests renders a snapshot 1`] = `
<div
  aria-label="cart-detail-display"
  role="presentation"
>
  <h4>
    Cart Detail Display: 
    4
     item/s
  </h4>
  <button
    aria-label="cart-detail-go-back-button"
    onClick={[Function]}
  >
    Go Back
  </button>
  <button
    aria-label="cart-checkout-button"
  >
    Checkout
  </button>
  <div
    aria-label="cart-items"
    role="presentation"
  >
    <div
      aria-label="cart-item"
      role="presentation"
    >
      <img
        aria-label="product-image"
      />
      <div
        aria-label="cart-item-quantity"
        role="presentation"
      >
        Quantity: 
      </div>
      <div
        aria-label="cart-item-name"
        role="presentation"
      >
        Description: 
      </div>
      <div
        aria-label="cart-item-price"
        role="presentation"
      >
        Price: 
      </div>
      <div
        aria-label="cart-item-total"
        role="presentation"
      >
        Item total: 
      </div>
    </div>
    <div
      aria-label="cart-item"
      role="presentation"
    >
      <img
        aria-label="product-image"
      />
      <div
        aria-label="cart-item-quantity"
        role="presentation"
      >
        Quantity: 
      </div>
      <div
        aria-label="cart-item-name"
        role="presentation"
      >
        Description: 
      </div>
      <div
        aria-label="cart-item-price"
        role="presentation"
      >
        Price: 
      </div>
      <div
        aria-label="cart-item-total"
        role="presentation"
      >
        Item total: 
      </div>
    </div>
    <div
      aria-label="cart-item"
      role="presentation"
    >
      <img
        aria-label="product-image"
      />
      <div
        aria-label="cart-item-quantity"
        role="presentation"
      >
        Quantity: 
      </div>
      <div
        aria-label="cart-item-name"
        role="presentation"
      >
        Description: 
      </div>
      <div
        aria-label="cart-item-price"
        role="presentation"
      >
        Price: 
      </div>
      <div
        aria-label="cart-item-total"
        role="presentation"
      >
        Item total: 
      </div>
    </div>
    <div
      aria-label="cart-item"
      role="presentation"
    >
      <img
        aria-label="product-image"
      />
      <div
        aria-label="cart-item-quantity"
        role="presentation"
      >
        Quantity: 
      </div>
      <div
        aria-label="cart-item-name"
        role="presentation"
      >
        Description: 
      </div>
      <div
        aria-label="cart-item-price"
        role="presentation"
      >
        Price: 
      </div>
      <div
        aria-label="cart-item-total"
        role="presentation"
      >
        Item total: 
      </div>
    </div>
  </div>
  <button
    aria-label="cart-detail-go-back-button"
    onClick={[Function]}
  >
    Go Back
  </button>
  <button
    aria-label="cart-checkout-button"
  >
    Checkout
  </button>
</div>
`;
