// Jest Snapshot v1, https://goo.gl/fbAQLP

exports[`<CartsDisplay cartsData={mockCartData} handlers={mockHandlers()}/> component tests creates a snapshot 1`] = `
<div
  aria-label="carts"
  role="presentation"
>
  <h2>
    CartsDisplay
  </h2>
  <h4>
    Saved Carts
  </h4>
  <div
    aria-label="cart-item"
    role="presentation"
  >
    <form
      method="post"
    >
      <input
        name="cart_id"
        type="hidden"
        value={1}
      />
      cart_id: 
      1
      user_id: 
      1
      <input
        aria-label="go-to-cart"
        type="submit"
      />
    </form>
  </div>
</div>
`;
