// Jest Snapshot v1, https://goo.gl/fbAQLP

exports[`<CartDetailDisplay /> component tests renders a snapshot 1`] = `
<div
  aria-label="cart-detail-display"
  role="presentation"
>
  <h4>
    Cart Detail Display: 
    4
     item/s
  </h4>
  <button
    aria-label="cart-detail-go-back-button"
    onClick={[Function]}
  >
    Go Back
  </button>
  <button
    aria-label="cart-checkout-button"
  >
    Checkout
  </button>
  <div
    aria-label="cart-items"
    role="presentation"
  >
    <div
      aria-label="cart-item"
      role="presentation"
    >
      <img
        aria-label="cart-item-image"
      />
      <div
        aria-label="cart-item-quantity"
        role="presentation"
      >
        <label
          htmlFor="item-quantity-selector"
        >
          Quantity:
        </label>
        <select
          aria-label="item-quantity-selector"
          defaultValue="0"
          id="item-quantity-selector"
          name="itemQuantity"
          onChange={[Function]}
          role="presentation"
        >
          <option
            value="1"
          >
            1
          </option>
          <option
            value="2"
          >
            2
          </option>
          <option
            value="3"
          >
            3
          </option>
          <option
            value="4"
          >
            4
          </option>
          <option
            value="5"
          >
            5
          </option>
          <option
            value="6"
          >
            6
          </option>
          <option
            value="7"
          >
            7
          </option>
          <option
            value="8"
          >
            8
          </option>
          <option
            value="9"
          >
            9
          </option>
          <option
            value="10"
          >
            10
          </option>
        </select>
      </div>
      <div
        aria-label="cart-item-name"
        role="presentation"
      >
        Description: 
      </div>
      <div
        aria-label="cart-item-price"
        role="presentation"
      >
        Price: 
      </div>
      <div
        aria-label="cart-item-total"
        role="presentation"
      >
        Item total: 
      </div>
      <button
        aria-label="remove-from-cart-button"
      >
        Remove From Cart
      </button>
    </div>
    <div
      aria-label="cart-item"
      role="presentation"
    >
      <img
        aria-label="cart-item-image"
      />
      <div
        aria-label="cart-item-quantity"
        role="presentation"
      >
        <label
          htmlFor="item-quantity-selector"
        >
          Quantity:
        </label>
        <select
          aria-label="item-quantity-selector"
          defaultValue="0"
          id="item-quantity-selector"
          name="itemQuantity"
          onChange={[Function]}
          role="presentation"
        >
          <option
            value="1"
          >
            1
          </option>
          <option
            value="2"
          >
            2
          </option>
          <option
            value="3"
          >
            3
          </option>
          <option
            value="4"
          >
            4
          </option>
          <option
            value="5"
          >
            5
          </option>
          <option
            value="6"
          >
            6
          </option>
          <option
            value="7"
          >
            7
          </option>
          <option
            value="8"
          >
            8
          </option>
          <option
            value="9"
          >
            9
          </option>
          <option
            value="10"
          >
            10
          </option>
        </select>
      </div>
      <div
        aria-label="cart-item-name"
        role="presentation"
      >
        Description: 
      </div>
      <div
        aria-label="cart-item-price"
        role="presentation"
      >
        Price: 
      </div>
      <div
        aria-label="cart-item-total"
        role="presentation"
      >
        Item total: 
      </div>
      <button
        aria-label="remove-from-cart-button"
      >
        Remove From Cart
      </button>
    </div>
    <div
      aria-label="cart-item"
      role="presentation"
    >
      <img
        aria-label="cart-item-image"
      />
      <div
        aria-label="cart-item-quantity"
        role="presentation"
      >
        <label
          htmlFor="item-quantity-selector"
        >
          Quantity:
        </label>
        <select
          aria-label="item-quantity-selector"
          defaultValue="0"
          id="item-quantity-selector"
          name="itemQuantity"
          onChange={[Function]}
          role="presentation"
        >
          <option
            value="1"
          >
            1
          </option>
          <option
            value="2"
          >
            2
          </option>
          <option
            value="3"
          >
            3
          </option>
          <option
            value="4"
          >
            4
          </option>
          <option
            value="5"
          >
            5
          </option>
          <option
            value="6"
          >
            6
          </option>
          <option
            value="7"
          >
            7
          </option>
          <option
            value="8"
          >
            8
          </option>
          <option
            value="9"
          >
            9
          </option>
          <option
            value="10"
          >
            10
          </option>
        </select>
      </div>
      <div
        aria-label="cart-item-name"
        role="presentation"
      >
        Description: 
      </div>
      <div
        aria-label="cart-item-price"
        role="presentation"
      >
        Price: 
      </div>
      <div
        aria-label="cart-item-total"
        role="presentation"
      >
        Item total: 
      </div>
      <button
        aria-label="remove-from-cart-button"
      >
        Remove From Cart
      </button>
    </div>
    <div
      aria-label="cart-item"
      role="presentation"
    >
      <img
        aria-label="cart-item-image"
      />
      <div
        aria-label="cart-item-quantity"
        role="presentation"
      >
        <label
          htmlFor="item-quantity-selector"
        >
          Quantity:
        </label>
        <select
          aria-label="item-quantity-selector"
          defaultValue="0"
          id="item-quantity-selector"
          name="itemQuantity"
          onChange={[Function]}
          role="presentation"
        >
          <option
            value="1"
          >
            1
          </option>
          <option
            value="2"
          >
            2
          </option>
          <option
            value="3"
          >
            3
          </option>
          <option
            value="4"
          >
            4
          </option>
          <option
            value="5"
          >
            5
          </option>
          <option
            value="6"
          >
            6
          </option>
          <option
            value="7"
          >
            7
          </option>
          <option
            value="8"
          >
            8
          </option>
          <option
            value="9"
          >
            9
          </option>
          <option
            value="10"
          >
            10
          </option>
        </select>
      </div>
      <div
        aria-label="cart-item-name"
        role="presentation"
      >
        Description: 
      </div>
      <div
        aria-label="cart-item-price"
        role="presentation"
      >
        Price: 
      </div>
      <div
        aria-label="cart-item-total"
        role="presentation"
      >
        Item total: 
      </div>
      <button
        aria-label="remove-from-cart-button"
      >
        Remove From Cart
      </button>
    </div>
  </div>
  <button
    aria-label="cart-detail-go-back-button"
    onClick={[Function]}
  >
    Go Back
  </button>
  <button
    aria-label="cart-checkout-button"
  >
    Checkout
  </button>
</div>
`;
