// Jest Snapshot v1, https://goo.gl/fbAQLP

exports[`<CartDetailDisplay /> component tests renders a snapshot 1`] = `
Array [
  <div
    className="sc-gsDKAQ fffetF"
  >
    <div
      aria-label="cart-items"
      role="presentation"
    >
      <div
        className="sc-bdvvtL gIHxDf"
      >
        <div
          aria-label="cart-item-container"
          className="cart-item-container"
          role="presentation"
        >
          <div>
            <img
              alt="hedgehog"
              aria-label="cart-item-image"
              className="cart-item-image"
            />
          </div>
          <div
            aria-label="cart-item-info"
            className="cart-item-info"
            role="presentation"
          >
            <label
              htmlFor="cart-item-name"
            >
              Name:
            </label>
            <div
              aria-label="cart-item-name"
              name="cart-item-name"
              role="presentation"
            >
              hedgehog
            </div>
            <label
              htmlFor="cart-item-description"
            >
              Description:
            </label>
            <div
              aria-label="cart-item-description"
              name="cart-item-description"
              role="presentation"
            />
          </div>
          <div
            aria-label="cart-item-order-controls"
            className="cart-item-order-controls"
            role="presentation"
          >
            <div
              aria-label="cart-item-price"
              id="cart-item-price"
              role="presentation"
            >
              Price: 
              1
            </div>
            <div
              aria-label="cart-item-total"
              id="cart-item-total"
              role="presentation"
            >
              Total: 
              0
            </div>
            <div
              aria-label="cart-item-quantity"
              id="cart-item-quantity"
              role="presentation"
            >
              <label
                htmlFor="item-quantity-selector"
              >
                Quantity:
              </label>
              <select
                aria-label="item-quantity-selector"
                defaultValue={0}
                id="item-quantity-selector"
                name="itemQuantity"
                onChange={[Function]}
                role="presentation"
              >
                <option
                  value={1}
                >
                  1
                </option>
                <option
                  value={2}
                >
                  2
                </option>
                <option
                  value={3}
                >
                  3
                </option>
                <option
                  value={4}
                >
                  4
                </option>
                <option
                  value={5}
                >
                  5
                </option>
                <option
                  value={6}
                >
                  6
                </option>
                <option
                  value={7}
                >
                  7
                </option>
                <option
                  value={8}
                >
                  8
                </option>
                <option
                  value={9}
                >
                  9
                </option>
                <option
                  value={10}
                >
                  10
                </option>
              </select>
            </div>
            <button
              aria-label="remove-from-cart-button"
              className="remove-from-cart-button"
              onClick={[Function]}
            >
              Remove Item
            </button>
          </div>
        </div>
      </div>
      <div
        className="sc-bdvvtL gIHxDf"
      >
        <div
          aria-label="cart-item-container"
          className="cart-item-container"
          role="presentation"
        >
          <div>
            <img
              alt="maine coon cat"
              aria-label="cart-item-image"
              className="cart-item-image"
            />
          </div>
          <div
            aria-label="cart-item-info"
            className="cart-item-info"
            role="presentation"
          >
            <label
              htmlFor="cart-item-name"
            >
              Name:
            </label>
            <div
              aria-label="cart-item-name"
              name="cart-item-name"
              role="presentation"
            >
              maine coon cat
            </div>
            <label
              htmlFor="cart-item-description"
            >
              Description:
            </label>
            <div
              aria-label="cart-item-description"
              name="cart-item-description"
              role="presentation"
            />
          </div>
          <div
            aria-label="cart-item-order-controls"
            className="cart-item-order-controls"
            role="presentation"
          >
            <div
              aria-label="cart-item-price"
              id="cart-item-price"
              role="presentation"
            >
              Price: 
              2
            </div>
            <div
              aria-label="cart-item-total"
              id="cart-item-total"
              role="presentation"
            >
              Total: 
              0
            </div>
            <div
              aria-label="cart-item-quantity"
              id="cart-item-quantity"
              role="presentation"
            >
              <label
                htmlFor="item-quantity-selector"
              >
                Quantity:
              </label>
              <select
                aria-label="item-quantity-selector"
                defaultValue={0}
                id="item-quantity-selector"
                name="itemQuantity"
                onChange={[Function]}
                role="presentation"
              >
                <option
                  value={1}
                >
                  1
                </option>
                <option
                  value={2}
                >
                  2
                </option>
                <option
                  value={3}
                >
                  3
                </option>
                <option
                  value={4}
                >
                  4
                </option>
                <option
                  value={5}
                >
                  5
                </option>
                <option
                  value={6}
                >
                  6
                </option>
                <option
                  value={7}
                >
                  7
                </option>
                <option
                  value={8}
                >
                  8
                </option>
                <option
                  value={9}
                >
                  9
                </option>
                <option
                  value={10}
                >
                  10
                </option>
              </select>
            </div>
            <button
              aria-label="remove-from-cart-button"
              className="remove-from-cart-button"
              onClick={[Function]}
            >
              Remove Item
            </button>
          </div>
        </div>
      </div>
      <div
        className="sc-bdvvtL gIHxDf"
      >
        <div
          aria-label="cart-item-container"
          className="cart-item-container"
          role="presentation"
        >
          <div>
            <img
              alt="bulldog"
              aria-label="cart-item-image"
              className="cart-item-image"
            />
          </div>
          <div
            aria-label="cart-item-info"
            className="cart-item-info"
            role="presentation"
          >
            <label
              htmlFor="cart-item-name"
            >
              Name:
            </label>
            <div
              aria-label="cart-item-name"
              name="cart-item-name"
              role="presentation"
            >
              bulldog
            </div>
            <label
              htmlFor="cart-item-description"
            >
              Description:
            </label>
            <div
              aria-label="cart-item-description"
              name="cart-item-description"
              role="presentation"
            />
          </div>
          <div
            aria-label="cart-item-order-controls"
            className="cart-item-order-controls"
            role="presentation"
          >
            <div
              aria-label="cart-item-price"
              id="cart-item-price"
              role="presentation"
            >
              Price: 
              3
            </div>
            <div
              aria-label="cart-item-total"
              id="cart-item-total"
              role="presentation"
            >
              Total: 
              0
            </div>
            <div
              aria-label="cart-item-quantity"
              id="cart-item-quantity"
              role="presentation"
            >
              <label
                htmlFor="item-quantity-selector"
              >
                Quantity:
              </label>
              <select
                aria-label="item-quantity-selector"
                defaultValue={0}
                id="item-quantity-selector"
                name="itemQuantity"
                onChange={[Function]}
                role="presentation"
              >
                <option
                  value={1}
                >
                  1
                </option>
                <option
                  value={2}
                >
                  2
                </option>
                <option
                  value={3}
                >
                  3
                </option>
                <option
                  value={4}
                >
                  4
                </option>
                <option
                  value={5}
                >
                  5
                </option>
                <option
                  value={6}
                >
                  6
                </option>
                <option
                  value={7}
                >
                  7
                </option>
                <option
                  value={8}
                >
                  8
                </option>
                <option
                  value={9}
                >
                  9
                </option>
                <option
                  value={10}
                >
                  10
                </option>
              </select>
            </div>
            <button
              aria-label="remove-from-cart-button"
              className="remove-from-cart-button"
              onClick={[Function]}
            >
              Remove Item
            </button>
          </div>
        </div>
      </div>
      <div
        className="sc-bdvvtL gIHxDf"
      >
        <div
          aria-label="cart-item-container"
          className="cart-item-container"
          role="presentation"
        >
          <div>
            <img
              alt="bunny"
              aria-label="cart-item-image"
              className="cart-item-image"
            />
          </div>
          <div
            aria-label="cart-item-info"
            className="cart-item-info"
            role="presentation"
          >
            <label
              htmlFor="cart-item-name"
            >
              Name:
            </label>
            <div
              aria-label="cart-item-name"
              name="cart-item-name"
              role="presentation"
            >
              bunny
            </div>
            <label
              htmlFor="cart-item-description"
            >
              Description:
            </label>
            <div
              aria-label="cart-item-description"
              name="cart-item-description"
              role="presentation"
            />
          </div>
          <div
            aria-label="cart-item-order-controls"
            className="cart-item-order-controls"
            role="presentation"
          >
            <div
              aria-label="cart-item-price"
              id="cart-item-price"
              role="presentation"
            >
              Price: 
              4
            </div>
            <div
              aria-label="cart-item-total"
              id="cart-item-total"
              role="presentation"
            >
              Total: 
              0
            </div>
            <div
              aria-label="cart-item-quantity"
              id="cart-item-quantity"
              role="presentation"
            >
              <label
                htmlFor="item-quantity-selector"
              >
                Quantity:
              </label>
              <select
                aria-label="item-quantity-selector"
                defaultValue={0}
                id="item-quantity-selector"
                name="itemQuantity"
                onChange={[Function]}
                role="presentation"
              >
                <option
                  value={1}
                >
                  1
                </option>
                <option
                  value={2}
                >
                  2
                </option>
                <option
                  value={3}
                >
                  3
                </option>
                <option
                  value={4}
                >
                  4
                </option>
                <option
                  value={5}
                >
                  5
                </option>
                <option
                  value={6}
                >
                  6
                </option>
                <option
                  value={7}
                >
                  7
                </option>
                <option
                  value={8}
                >
                  8
                </option>
                <option
                  value={9}
                >
                  9
                </option>
                <option
                  value={10}
                >
                  10
                </option>
              </select>
            </div>
            <button
              aria-label="remove-from-cart-button"
              className="remove-from-cart-button"
              onClick={[Function]}
            >
              Remove Item
            </button>
          </div>
        </div>
      </div>
    </div>
  </div>,
  <div
    className="sc-dkPtRN kinGaA"
  >
    <div />
    <div
      aria-label="cart-checkout-display"
      id="cart-checkout-display"
      role="presentation"
    >
      Cart total: 
      0
      <br />
      <br />
      <button
        aria-label="go-to-checkout"
        onClick={[Function]}
      >
        Checkout
      </button>
    </div>
  </div>,
]
`;
