// Jest Snapshot v1, https://goo.gl/fbAQLP

exports[`<DashboardDisplay /> component tests renders a snapshot 1`] = `
<div>
  <div
    aria-label="nav-bar"
    role="presentation"
  >
    <div
      aria-label="header-message"
      role="presentation"
    >
      dashboard
       
      Hello undefined
    </div>
    <button
      aria-label="logout"
      onClick={[Function]}
    >
      Log Out
    </button>
  </div>
  <div
    aria-label="browse-search"
    role="presentation"
  >
    <label
      htmlFor="product-categories"
    >
      Product Categories: 
    </label>
    <select
      aria-label="product-categories"
      id="product-categories"
      role="presentation"
    />
    <label
      htmlFor="search"
    >
      Search: 
    </label>
    <input
      aria-label="search-terms"
      id="search"
      placeholder="Enter search terms"
    />
    <button
      aria-label="search-button"
    >
      Search
    </button>
  </div>
  <div
    aria-label="orders"
    role="presentation"
  >
    <h2>
      OrdersDisplay
    </h2>
  </div>
  <div
    aria-label="carts"
    role="presentation"
  >
    <h2>
      CartsDisplay
    </h2>
  </div>
</div>
`;
