// Jest Snapshot v1, https://goo.gl/fbAQLP

exports[`<Dashboard /> feature tests creates a snapshot 1`] = `
<div>
  <div
    aria-label="user-greeting"
    role="presentation"
  >
    Hello username
  </div>
  <div
    aria-label="browse-search"
    role="presentation"
  >
    <div
      aria-label="product-categories"
      role="presentation"
    >
      select product categories
    </div>
    <input
      aria-label="search-terms"
      placeholder="Enter search terms"
    />
    <button
      aria-label="search-button"
    >
      Search
    </button>
  </div>
  <div
    aria-label="orders"
    role="presentation"
  >
    <div>
      Order 01
    </div>
    <div>
      Order 02
    </div>
    <div>
      Order 03
    </div>
  </div>
  <div
    aria-label="carts"
    role="presentation"
  >
    <div>
      Cart 01
    </div>
    <div>
      Cart 02
    </div>
    <div>
      Cart 03
    </div>
  </div>
</div>
`;
