// Jest Snapshot v1, https://goo.gl/fbAQLP

exports[`<Dashboard /> feature tests creates a snapshot 1`] = `
<div>
  <div
    aria-label="nav-bar"
    role="presentation"
  >
    <div
      aria-label="header-message"
      role="presentation"
    >
      header message
    </div>
    if(
    dashboard
     !== 'landing') 
    <button
      aria-label="home"
    >
      Home
    </button>
    <button
      aria-label="show-cart"
    >
      Show Cart
    </button>
    ; if(
    dashboard
     === 'cart') 
    <button
      aria-label="checkout"
    >
      Checkout
    </button>
    if(
    dashboard
     === 'shippingInfo' || calledFrom === 'paymentInfo') 
    <button
      aria-label="cancel"
    >
      Cancel
    </button>
    <button
      aria-label="logout"
    >
      Log Out
    </button>
  </div>
  <div
    aria-label="browse-search"
    role="presentation"
  >
    <select
      aria-label="product-categories"
      role="presentation"
    >
      <option
        value={4}
      >
        Auto
      </option>
      <option
        value={3}
      >
        Health
      </option>
      <option
        value={1}
      >
        Pets
      </option>
      <option
        value={2}
      >
        Tech
      </option>
    </select>
    <input
      aria-label="search-terms"
      placeholder="Enter search terms"
    />
    <button
      aria-label="search-button"
    >
      Search
    </button>
  </div>
  <div
    aria-label="orders"
    role="presentation"
  >
    <div>
      Order 01
    </div>
    <div>
      Order 02
    </div>
    <div>
      Order 03
    </div>
  </div>
  <div
    aria-label="carts"
    role="presentation"
  >
    <div>
      Cart 01
    </div>
    <div>
      Cart 02
    </div>
    <div>
      Cart 03
    </div>
  </div>
</div>
`;
