// Jest Snapshot v1, https://goo.gl/fbAQLP

exports[`<DashboardDisplay /> component tests renders a snapshot 1`] = `
<div>
  <div
    aria-label="nav-bar"
    role="presentation"
  >
    <div
      aria-label="header-message"
      role="presentation"
    >
      dashboard
       
      Hello undefined
    </div>
    <button
      aria-label="logout"
      onClick={[Function]}
    >
      Log Out
    </button>
  </div>
  <div
    aria-label="browse-search"
    role="presentation"
  >
    <div
      aria-label="browse"
      role="presentation"
    >
      <label
        htmlFor="product-categories"
      >
        Product Categories: 
      </label>
      <select
        aria-label="product-categories"
        defaultValue="0"
        id="product-categories"
        name="productCategories"
        onChange={[Function]}
        role="presentation"
      >
        <option
          value="0"
        >
          Show all products
        </option>
      </select>
    </div>
    <div
      aria-label="search"
      role="presentation"
    >
      <form
        method="post"
        onSubmit={[Function]}
      >
        <div>
          <label
            htmlFor="searchTerms"
          >
            Search: 
          </label>
          <input
            aria-label="search-terms"
            id="searchTerms"
            placeholder="Enter search terms"
          />
        </div>
        <div>
          <button
            aria-label="search-button"
            type="submit"
          >
            Search
          </button>
        </div>
      </form>
    </div>
  </div>
  <div
    aria-label="orders"
    role="presentation"
  >
    <h2>
      OrdersDisplay
    </h2>
  </div>
  <div
    aria-label="carts"
    role="presentation"
  >
    <h2>
      CartsDisplay
    </h2>
    <h4>
      Saved Carts
    </h4>
  </div>
  <div>
    <div
      aria-label="products"
      role="presentation"
    >
      <h2>
        ProductsListingDisplay
      </h2>
    </div>
  </div>
</div>
`;
