// Jest Snapshot v1, https://goo.gl/fbAQLP

exports[`<NavBarDisplay /> component tests renders a snapshot 1`] = `
<div
  aria-label="nav-bar"
  role="presentation"
>
  <div
    aria-label="header-message"
    role="presentation"
  >
     
  </div>
  <div
    aria-label="header-current-cart-item-count"
    role="presentation"
  >
    <a
      aria-label="go-to-current-cart-link"
      href="/cart-detail"
    >
      You have 
       items in your current cart
    </a>
  </div>
  <button
    aria-label="home"
    onClick={[MockFunction]}
  >
    Home
  </button>
  <button
    aria-label="show-cart"
    onClick={[MockFunction]}
  >
    Show Cart
  </button>
  <button
    aria-label="logout"
    onClick={[MockFunction]}
  >
    Log Out
  </button>
</div>
`;
