// Jest Snapshot v1, https://goo.gl/fbAQLP

exports[`<NavBar /> feature tests renders a snapshot 1`] = `
<div
  aria-label="nav-bar"
  role="presentation"
>
  <div
    aria-label="header-message"
    role="presentation"
  >
    header message
  </div>
  if(
   !== 'landing') 
  <button
    aria-label="home"
  >
    Home
  </button>
  <button
    aria-label="show-cart"
  >
    Show Cart
  </button>
  ; if(
   === 'cart') 
  <button
    aria-label="checkout"
  >
    Checkout
  </button>
  if(
   === 'shippingInfo' || calledFrom === 'paymentInfo') 
  <button
    aria-label="cancel"
  >
    Cancel
  </button>
  <button
    aria-label="logout"
  >
    Log Out
  </button>
</div>
`;
