// Jest Snapshot v1, https://goo.gl/fbAQLP

exports[`<OrdersDisplay orderData={mockOrderData} /> component tests creates a snapshot 1`] = `
<div
  aria-label="orders"
  role="presentation"
>
  <h1>
    OrdersDisplay
  </h1>
  <div
    aria-label="order"
    role="presentation"
  >
    order_id: 
    1
     user_id: 
    1
     order_date: 
     total_price: 
    30
  </div>
</div>
`;
