// Jest Snapshot v1, https://goo.gl/fbAQLP

exports[`<OrderConfirmationDisplay data={mockData} /> component tests creates a snapshot 1`] = `
<div>
  <div
    aria-label="confirmation-info"
    role="presentation"
  >
    <div
      aria-label="order-amount-date"
      role="presentation"
    >
      Your order for 
      1234
       has been placed on 
      12-Dez-2021
    </div>
    <div
      aria-label="order-payment"
      role="presentation"
    >
      Payment in the amount of 
      1234
       was made using 
      Deutschmarks
    </div>
    <div
      aria-label="order-number"
      role="presentation"
    >
      The order number is 
      1
    </div>
    <div
      aria-label="order-delivery"
      role="presentation"
    >
      Order will be delivered to 
      123 Katzendamm, 90210 Berlin DE
    </div>
  </div>
  <button
    aria-label="home"
  >
    Home
  </button>
  <button
    aria-label="logout"
  >
    Log Out
  </button>
</div>
`;
