// Jest Snapshot v1, https://goo.gl/fbAQLP

exports[`<PaymentInfo /> component tests creates a snapshot 1`] = `
<div
  aria-label="payment-info"
  role="presentation"
>
  <h3>
    Payment Info
  </h3>
  <div
    aria-label="cart-summary-info"
    role="presentation"
  >
    Cart / Order has 
    0
     items, total price: FIXME
  </div>
  <div
    aria-label="shipping-summary-info"
    role="presentation"
  >
    Order will ship to 
     
    ,
     
    ,
     
    ,
     
  </div>
  <form
    method="post"
    onSubmit={[MockFunction]}
  >
    <div
      aria-label="payment-types"
      role="presentation"
    >
      <label
        htmlFor="payment-types-selector"
      >
        Payment Types:
      </label>
      <select
        aria-label="payment-types-selector"
        defaultValue="0"
        id="payment-types-selector"
        name="paymentTypes"
        role="presentation"
      >
        <option
          value={1}
        >
          PayPal
        </option>
        <option
          value={2}
        >
          MasterCard
        </option>
        <option
          value={3}
        >
          Visa
        </option>
        <option
          value={4}
        >
          Amex
        </option>
        <option
          value={5}
        >
          EC Karte
        </option>
      </select>
    </div>
    <div>
      <label
        htmlFor="name-on-card"
      >
        Name on Card:
      </label>
      <input
        aria-label="name-on-card"
        id="name-on-card"
        name="nameOnCard"
      />
    </div>
    <div>
      <label
        htmlFor="card-number"
      >
        Card Number:
      </label>
      <input
        aria-label="card-number"
        id="card-number"
        name="cardNumber"
      />
    </div>
    <div>
      <label
        htmlFor="expiration-date"
      >
        Exp. Date:
      </label>
      <input
        aria-label="expiration-date"
        id="expiration-date"
        name="expDate"
      />
    </div>
    <button
      aria-label="finish-order"
      type="submit"
    >
      Finish Order
    </button>
  </form>
</div>
`;
