// Jest Snapshot v1, https://goo.gl/fbAQLP

exports[`<PaymentInfo /> component tests creates a snapshot 1`] = `
<div
  aria-label="payment-info"
  role="presentation"
>
  <h3>
    Payment Info
  </h3>
  <h4>
    TODO: Show cart / order data here (item count and total amount)
  </h4>
  <h4>
    TODO: Show shipping info data here
  </h4>
  <h4>
    TODO: Show dropdown for payment type
  </h4>
  <form
    method="post"
    onSubmit={[MockFunction]}
  >
    <div>
      <label
        htmlFor="name-on-card"
      >
        Name on Card:
      </label>
      <input
        aria-label="name-on-card"
        id="name-on-card"
        name="nameOnCard"
      />
    </div>
    <div>
      <label
        htmlFor="card-number"
      >
        Card Number:
      </label>
      <input
        aria-label="card-number"
        id="card-number"
        name="cardNumber"
      />
    </div>
    <div>
      <label
        htmlFor="expiration-date"
      >
        Exp. Date:
      </label>
      <input
        aria-label="expiration-date"
        id="xpiration-date"
        name="expDate"
      />
    </div>
    <button
      aria-label="save-payment-info"
      type="submit"
    >
      Save Payment Info For Later Use
    </button>
  </form>
  <button
    aria-label="finish-order"
    type="submit"
  >
    Finish Order
  </button>
</div>
`;
