// Jest Snapshot v1, https://goo.gl/fbAQLP

exports[`<ProductDetailDisplay /> component tests renders a snapshot 1`] = `
<div>
  <h3>
    ProductDetailDisplay: 
    glowing cube
  </h3>
  <div
    aria-label="product-detail-go-back"
  >
    <button
      aria-label="product-detail-go-back-button"
      onClick={[Function]}
    >
      Go Back
    </button>
  </div>
  <img
    alt="glowing cube"
    aria-label="product-image"
    src="https://cdn.pixabay.com/photo/2017/07/10/23/45/cubes-2492010__340.jpg"
  />
  <label
    htmlFor="name"
  >
    Name:
  </label>
  <div
    aria-label="name"
    id="name"
    role="presentation"
  >
    glowing cube
  </div>
  <label
    htmlFor="product-id"
  >
    ID:
  </label>
  <div
    aria-label="product-id"
    id="product-id"
    role="presentation"
  >
    10
  </div>
  <label
    htmlFor="description"
  >
    Description:
  </label>
  <div
    aria-label="description"
    id="description"
    role="presentation"
  >
    prod desc 02
  </div>
  <label
    htmlFor="price"
  >
    Price:
  </label>
  <div
    aria-label="price"
    id="price"
    role="presentation"
  >
    1.00
  </div>
  <div
    aria-label="product-item-quantity"
    role="presentation"
  >
    <label
      htmlFor="item-quantity-selector"
    >
      Quantity:
    </label>
    <select
      aria-label="item-quantity-selector"
      defaultValue={0}
      id="item-quantity-selector"
      name="itemQuantity"
      onChange={[Function]}
      role="presentation"
    >
      <option
        value={1}
      >
        1
      </option>
      <option
        value={2}
      >
        2
      </option>
      <option
        value={3}
      >
        3
      </option>
      <option
        value={4}
      >
        4
      </option>
      <option
        value={5}
      >
        5
      </option>
      <option
        value={6}
      >
        6
      </option>
      <option
        value={7}
      >
        7
      </option>
      <option
        value={8}
      >
        8
      </option>
      <option
        value={9}
      >
        9
      </option>
      <option
        value={10}
      >
        10
      </option>
    </select>
  </div>
  <button
    aria-label="add-to-cart"
    onClick={[Function]}
  >
    Add To Cart
  </button>
  <div
    aria-label="product-detail-go-back"
  >
    <button
      aria-label="product-detail-go-back-button"
      onClick={[Function]}
    >
      Go Back
    </button>
  </div>
</div>
`;
