// Jest Snapshot v1, https://goo.gl/fbAQLP

exports[`<ProductListing /> feature tests creates a snapshot 1`] = `
<div>
  <div
    aria-label="product-category"
    role="presentation"
  >
    product category goes here
  </div>
  <div
    aria-label="browse-search"
    role="presentation"
  >
    <div
      aria-label="product-categories"
      role="presentation"
    >
      select product categories
    </div>
    <input
      aria-label="search-terms"
      placeholder="Enter search terms"
    />
    <button
      aria-label="search-button"
    >
      Search
    </button>
  </div>
  <div
    aria-label="product-listing"
    role="presentation"
  >
    <div>
      product 01
    </div>
    <div>
      product 02
    </div>
    <div>
      product 03
    </div>
  </div>
</div>
`;
