// Jest Snapshot v1, https://goo.gl/fbAQLP

exports[`<RegisterDisplay /> component tests renders a snapshot 1`] = `
<div
  aria-label="register-display"
  role="presentation"
>
  <div
    aria-label="oauth"
    role="presentation"
  >
    <div>
      <a
        aria-label="google-auth"
        href="/auth/google"
        onClick={[MockFunction]}
      >
        Log in with Google
      </a>
    </div>
    <div>
      <a
        aria-label="github-auth"
        href="/auth/github"
        onClick={[MockFunction]}
      >
        Log in with GitHub
      </a>
    </div>
  </div>
  <div
    aria-label="register-display-form"
    role="presentation"
  >
    <form
      method="post"
      onSubmit={[MockFunction]}
    >
      <div>
        <label
          htmlFor="username"
        >
          Username:
        </label>
        <input
          aria-label="username"
          id="username"
        />
      </div>
      <div>
        <label
          htmlFor="email"
        >
          Email:
        </label>
        <input
          aria-label="email"
          id="email"
          type="email"
        />
      </div>
      <div>
        <label
          htmlFor="password"
        >
          Password:
        </label>
        <input
          aria-label="password"
          id="password"
          type="password"
        />
      </div>
      <div>
        <label
          htmlFor="password2"
        >
          Re-enter password:
        </label>
        <input
          aria-label="password"
          id="password2"
          type="password"
        />
      </div>
      <div>
        <button
          aria-label="register-button"
          type="susbmit"
        >
          Create Account
        </button>
      </div>
    </form>
  </div>
  <div
    aria-label="login"
    role="presentation"
  >
    <label
      htmlFor="login"
    >
      Already have an account? 
    </label>
    <a
      aria-label="login-link"
      href="/login"
      id="login"
    >
      Login
    </a>
  </div>
</div>
`;
