// Jest Snapshot v1, https://goo.gl/fbAQLP

exports[`<ShippingInfo /> component tests creates a snapshot 1`] = `
<div
  aria-label="shipping-info"
  role="presentation"
>
  <h3>
    Shipping Info
  </h3>
  <div
    aria-label="cart-summary-info"
    role="presentation"
  >
    Cart / Order has 
    0
     items, total price: FIXME
  </div>
  <form
    method="post"
  >
    <div>
      <label
        htmlFor="first-name"
      >
        First Name:
      </label>
      <input
        aria-label="first-name"
        id="first-name"
        name="firstName"
      />
    </div>
    <div>
      <label
        htmlFor="last-name"
      >
        Last Name:
      </label>
      <input
        aria-label="last-name"
        id="last-name"
        name="lastName"
      />
    </div>
    <div>
      <label
        htmlFor="address-1"
      >
        Address 1:
      </label>
      <input
        aria-label="address-1"
        id="address-1"
        name="address1"
      />
    </div>
    <div>
      <label
        htmlFor="address-2"
      >
        Address 2:
      </label>
      <input
        aria-label="address-2"
        id="address-2"
        name="address2"
      />
    </div>
    <div>
      <label
        htmlFor="city"
      >
        City:
      </label>
      <input
        aria-label="city"
        id="city"
        name="city"
      />
    </div>
    <div>
      <label
        htmlFor="state-province"
      >
        State / Province:
      </label>
      <input
        aria-label="state-province"
        id="state-province"
        name="stateProvince"
      />
    </div>
    <div>
      <label
        htmlFor="postal-code"
      >
        Postal Code:
      </label>
      <input
        aria-label="postal-code"
        id="postal-code"
        name="postalCode"
      />
    </div>
    <div>
      <label
        htmlFor="country"
      >
        Country:
      </label>
      <input
        aria-label="country"
        id="country"
        name="country"
      />
    </div>
    <button
      aria-label="go-to-payment-info"
      type="submit"
    >
      Go To Payment Info
    </button>
  </form>
</div>
`;
